
> car-wash-app@0.0.0 build
> tsc -b && vite build

src/App.tsx(1,1): error TS6133: 'React' is declared but its value is never read.
src/context/AppContext.tsx(1,8): error TS6133: 'React' is declared but its value is never read.
src/context/AppContext.tsx(1,54): error TS1484: 'ReactNode' is a type and must be imported using a type-only import when 'verbatimModuleSyntax' is enabled.
src/pages/customer/Community.tsx(1,1): error TS6133: 'React' is declared but its value is never read.
src/pages/customer/Home.tsx(1,1): error TS6133: 'React' is declared but its value is never read.
src/pages/customer/Market.tsx(1,1): error TS6133: 'React' is declared but its value is never read.
src/pages/customer/Profile.tsx(1,8): error TS6133: 'React' is declared but its value is never read.
src/pages/customer/ShopDetail.tsx(1,8): error TS6133: 'React' is declared but its value is never read.
src/pages/customer/ShopDetail.tsx(13,11): error TS6133: 'id' is declared but its value is never read.
src/pages/customer/ShopsList.tsx(1,1): error TS6133: 'React' is declared but its value is never read.
src/pages/vendor/Bookings.tsx(1,8): error TS6133: 'React' is declared but its value is never read.
src/pages/vendor/Dashboard.tsx(1,1): error TS6133: 'React' is declared but its value is never read.
src/pages/vendor/Products.tsx(1,1): error TS6133: 'React' is declared but its value is never read.
src/pages/vendor/Products.tsx(2,25): error TS6133: 'MoreVertical' is declared but its value is never read.
src/pages/vendor/ShopProfile.tsx(1,1): error TS6133: 'React' is declared but its value is never read.
